info: MongoDb Connected
info: Counters Initialized
error: axios is not defined
info: MongoDb Connected
info: Counters Initialized
error: Request failed with status code 500
error: Request failed with status code 500
info: MongoDb Connected
info: Counters Initialized
error: response is not defined
info: MongoDb Connected
 info: MongoDb Connected
info: Counters Initialized
info: MongoDb Connected
info: Counters Initialized
info: MongoDb Connected
info: Counters Initialized
info: MongoDb Connected
info: Counters Initialized
info: MongoDb Connected
info: Counters Initialized
